# serializer version: 1
# name: test_decisions_tail_table_snapshot
  '''
                                           Decisions                                         
  ┏━━━━━━━━━━━━━━━━┳━━━━━━━━━━━━━━┳━━━━━━━━━━━━━━━━━━━┳━━━━━━┳━━━━━━━━━━━━━━━━━━━━━━━━━━━━━━┓
  ┃ ts             ┃ kind         ┃ chosen            ┃ conf ┃ rationale                    ┃
  ┡━━━━━━━━━━━━━━━━╇━━━━━━━━━━━━━━╇━━━━━━━━━━━━━━━━━━━╇━━━━━━╇━━━━━━━━━━━━━━━━━━━━━━━━━━━━━━┩
  │ 1700000000.000 │ model_route  │ claude-sonnet-4.7 │ 0.85 │ role=manager → premium model │
  │ 1700000001.500 │ mode_profile │ surge             │ 0.70 │ queue depth high             │
  └────────────────┴──────────────┴───────────────────┴──────┴──────────────────────────────┘
  
  '''
# ---
